// Jest Snapshot v1, https://goo.gl/fbAQLP

exports[`expect to render Card Comp 1`] = `ShallowWrapper {}`;
